AR dmem behave /home/ise/Xilinx/riscVmonociclo/DMem.vhd sub00/vhpl19 1668280985
EN adder NULL /home/ise/Xilinx/riscVmonociclo/adder.vhd sub00/vhpl06 1668280972
EN dmem NULL /home/ise/Xilinx/riscVmonociclo/DMem.vhd sub00/vhpl18 1668280984
EN mux2 NULL /home/ise/Xilinx/riscVmonociclo/Mux2.vhd sub00/vhpl16 1668280974
EN mux3 NULL /home/ise/Xilinx/riscVmonociclo/Mux3.vhd sub00/vhpl26 1668280986
EN regfile NULL /home/ise/Xilinx/riscVmonociclo/regfile.vhd sub00/vhpl08 1668280978
EN aludec NULL /home/ise/Xilinx/riscVmonociclo/AluDec.vhd sub00/vhpl21 1668280964
EN imem NULL /home/ise/Xilinx/riscVmonociclo/imem.vhd sub00/vhpl02 1668280976
AR comparador behavioral /home/ise/Xilinx/riscVmonociclo/comparador.vhd sub00/vhpl29 1668280971
EN maindec NULL /home/ise/Xilinx/riscVmonociclo/MainDec.vhd sub00/vhpl23 1668280962
AR top behave /home/ise/Xilinx/riscVmonociclo/top.vhd sub00/vhpl01 1668280989
EN muxalu NULL /media/sf_VHDL/riscVmonociclo/MuxALU.vhd sub00/vhpl14 1666636968
EN top NULL /home/ise/Xilinx/riscVmonociclo/top.vhd sub00/vhpl00 1668280988
AR imem behave /home/ise/Xilinx/riscVmonociclo/imem.vhd sub00/vhpl03 1668280977
AR maindec behave /home/ise/Xilinx/riscVmonociclo/MainDec.vhd sub00/vhpl24 1668280963
EN extend NULL /home/ise/Xilinx/riscVmonociclo/extend.vhd sub00/vhpl10 1668280980
EN programcounter NULL /home/ise/Xilinx/riscVmonociclo/ProgramCounter.vhd sub00/vhpl04 1668280968
EN controlunit NULL /home/ise/Xilinx/riscVmonociclo/ControlUnit.vhd sub00/vhpl20 1668280966
AR mux3 behave /home/ise/Xilinx/riscVmonociclo/Mux3.vhd sub00/vhpl27 1668280987
AR programcounter asynchronous /home/ise/Xilinx/riscVmonociclo/ProgramCounter.vhd sub00/vhpl05 1668280969
AR alu behavioral /home/ise/Xilinx/riscVmonociclo/alu.vhd sub00/vhpl13 1668280983
EN comparador NULL /home/ise/Xilinx/riscVmonociclo/comparador.vhd sub00/vhpl28 1668280970
AR aludec behave /home/ise/Xilinx/riscVmonociclo/AluDec.vhd sub00/vhpl22 1668280965
AR adder behave /home/ise/Xilinx/riscVmonociclo/adder.vhd sub00/vhpl07 1668280973
AR muxalu behave /media/sf_VHDL/riscVmonociclo/MuxALU.vhd sub00/vhpl15 1666636969
AR regfile behave /home/ise/Xilinx/riscVmonociclo/regfile.vhd sub00/vhpl09 1668280979
AR controlunit behavioral /home/ise/Xilinx/riscVmonociclo/ControlUnit.vhd sub00/vhpl25 1668280967
AR mux2 behave /home/ise/Xilinx/riscVmonociclo/Mux2.vhd sub00/vhpl17 1668280975
AR extend behave /home/ise/Xilinx/riscVmonociclo/extend.vhd sub00/vhpl11 1668280981
EN alu NULL /home/ise/Xilinx/riscVmonociclo/alu.vhd sub00/vhpl12 1668280982
