V3 72
FL /home/ise/Xilinx/riscVmonociclo/adder.vhd 2022/10/24.14:19:15 P.20131013
EN work/Adder 1668280972 FL /home/ise/Xilinx/riscVmonociclo/adder.vhd \
      PB ieee/std_logic_1164 1381692176 PB ieee/NUMERIC_STD 1381692181
AR work/Adder/behave 1668280973 \
      FL /home/ise/Xilinx/riscVmonociclo/adder.vhd EN work/Adder 1668280972
FL /home/ise/Xilinx/riscVmonociclo/alu.vhd 2022/10/24.23:14:40 P.20131013
EN work/ALU 1668280982 FL /home/ise/Xilinx/riscVmonociclo/alu.vhd \
      PB ieee/std_logic_1164 1381692176 PB ieee/NUMERIC_STD 1381692181 \
      PB ieee/STD_LOGIC_UNSIGNED 1381692179
AR work/ALU/Behavioral 1668280983 \
      FL /home/ise/Xilinx/riscVmonociclo/alu.vhd EN work/ALU 1668280982
FL /home/ise/Xilinx/riscVmonociclo/AluDec.vhd 2022/11/10.22:02:19 P.20131013
EN work/AluDec 1668280964 FL /home/ise/Xilinx/riscVmonociclo/AluDec.vhd \
      PB ieee/std_logic_1164 1381692176
AR work/AluDec/behave 1668280965 \
      FL /home/ise/Xilinx/riscVmonociclo/AluDec.vhd EN work/AluDec 1668280964
FL /home/ise/Xilinx/riscVmonociclo/comparador.vhd 2022/11/11.12:11:08 P.20131013
EN work/comparador 1668280970 FL /home/ise/Xilinx/riscVmonociclo/comparador.vhd \
      PB ieee/std_logic_1164 1381692176 PB ieee/NUMERIC_STD 1381692181
AR work/comparador/Behavioral 1668280971 \
      FL /home/ise/Xilinx/riscVmonociclo/comparador.vhd EN work/comparador 1668280970
FL /home/ise/Xilinx/riscVmonociclo/ControlUnit.vhd 2022/11/11.02:45:33 P.20131013
EN work/ControlUnit 1668280966 FL /home/ise/Xilinx/riscVmonociclo/ControlUnit.vhd \
      PB ieee/std_logic_1164 1381692176
AR work/ControlUnit/Behavioral 1668280967 \
      FL /home/ise/Xilinx/riscVmonociclo/ControlUnit.vhd EN work/ControlUnit 1668280966 \
      CP MainDec CP AluDec
FL /home/ise/Xilinx/riscVmonociclo/DMem.vhd 2022/11/11.02:43:51 P.20131013
EN work/DMem 1668280984 FL /home/ise/Xilinx/riscVmonociclo/DMem.vhd \
      PB ieee/std_logic_1164 1381692176 PB std/TEXTIO 1381692176 \
      PB ieee/NUMERIC_STD 1381692181
AR work/DMem/behave 1668280985 \
      FL /home/ise/Xilinx/riscVmonociclo/DMem.vhd EN work/DMem 1668280984
FL /home/ise/Xilinx/riscVmonociclo/extend.vhd 2022/11/10.23:12:06 P.20131013
EN work/Extend 1668280980 FL /home/ise/Xilinx/riscVmonociclo/extend.vhd \
      PB ieee/std_logic_1164 1381692176
AR work/Extend/behave 1668280981 \
      FL /home/ise/Xilinx/riscVmonociclo/extend.vhd EN work/Extend 1668280980
FL /home/ise/Xilinx/riscVmonociclo/imem.vhd 2022/11/11.13:02:06 P.20131013
EN work/imem 1668280976 FL /home/ise/Xilinx/riscVmonociclo/imem.vhd \
      PB ieee/std_logic_1164 1381692176 PB ieee/NUMERIC_STD 1381692181
AR work/imem/behave 1668280977 \
      FL /home/ise/Xilinx/riscVmonociclo/imem.vhd EN work/imem 1668280976
FL /home/ise/Xilinx/riscVmonociclo/MainDec.vhd 2022/11/10.23:08:05 P.20131013
EN work/MainDec 1668280962 FL /home/ise/Xilinx/riscVmonociclo/MainDec.vhd \
      PB ieee/std_logic_1164 1381692176
AR work/MainDec/behave 1668280963 \
      FL /home/ise/Xilinx/riscVmonociclo/MainDec.vhd EN work/MainDec 1668280962
FL /home/ise/Xilinx/riscVmonociclo/Mux2.vhd 2022/10/24.18:54:12 P.20131013
EN work/Mux2 1668280974 FL /home/ise/Xilinx/riscVmonociclo/Mux2.vhd \
      PB ieee/std_logic_1164 1381692176
AR work/Mux2/behave 1668280975 \
      FL /home/ise/Xilinx/riscVmonociclo/Mux2.vhd EN work/Mux2 1668280974
FL /home/ise/Xilinx/riscVmonociclo/Mux3.vhd 2022/10/24.23:31:10 P.20131013
EN work/Mux3 1668280986 FL /home/ise/Xilinx/riscVmonociclo/Mux3.vhd \
      PB ieee/std_logic_1164 1381692176
AR work/Mux3/behave 1668280987 \
      FL /home/ise/Xilinx/riscVmonociclo/Mux3.vhd EN work/Mux3 1668280986
FL /home/ise/Xilinx/riscVmonociclo/ProgramCounter.vhd 2022/11/11.03:01:12 P.20131013
EN work/ProgramCounter 1668280968 \
      FL /home/ise/Xilinx/riscVmonociclo/ProgramCounter.vhd \
      PB ieee/std_logic_1164 1381692176 PB ieee/std_logic_arith 1381692177
AR work/ProgramCounter/asynchronous 1668280969 \
      FL /home/ise/Xilinx/riscVmonociclo/ProgramCounter.vhd \
      EN work/ProgramCounter 1668280968
FL /home/ise/Xilinx/riscVmonociclo/regfile.vhd 2022/11/11.12:59:15 P.20131013
EN work/RegFile 1668280978 FL /home/ise/Xilinx/riscVmonociclo/regfile.vhd \
      PB ieee/std_logic_1164 1381692176 PB ieee/STD_LOGIC_UNSIGNED 1381692179 \
      PB ieee/NUMERIC_STD 1381692181
AR work/RegFile/behave 1668280979 \
      FL /home/ise/Xilinx/riscVmonociclo/regfile.vhd EN work/RegFile 1668280978
FL /home/ise/Xilinx/riscVmonociclo/top.vhd 2022/11/11.13:34:56 P.20131013
EN work/top 1668280988 FL /home/ise/Xilinx/riscVmonociclo/top.vhd \
      PB ieee/std_logic_1164 1381692176 PB ieee/NUMERIC_STD 1381692181
AR work/top/behave 1668280989 \
      FL /home/ise/Xilinx/riscVmonociclo/top.vhd EN work/top 1668280988 \
      CP ControlUnit CP ProgramCounter CP comparador CP Adder CP Mux2 CP IMem \
      CP RegFile CP Extend CP ALU CP DMem CP Mux3
FL /media/sf_VHDL/riscVmonociclo/adder.vhd 2022/10/24.11:19:15 P.20131013
FL /media/sf_VHDL/riscVmonociclo/alu.vhd 2022/10/24.20:14:40 P.20131013
FL /media/sf_VHDL/riscVmonociclo/AluDec.vhd 2022/11/10.19:02:19 P.20131013
FL /media/sf_VHDL/riscVmonociclo/comparador.vhd 2022/11/11.09:11:08 P.20131013
FL /media/sf_VHDL/riscVmonociclo/ControlUnit.vhd 2022/11/10.23:45:33 P.20131013
FL /media/sf_VHDL/riscVmonociclo/DMem.vhd 2022/11/10.23:43:51 P.20131013
FL /media/sf_VHDL/riscVmonociclo/extend.vhd 2022/11/10.20:12:06 P.20131013
FL /media/sf_VHDL/riscVmonociclo/imem.vhd 2022/11/10.20:23:16 P.20131013
FL /media/sf_VHDL/riscVmonociclo/MainDec.vhd 2022/11/10.20:08:05 P.20131013
FL /media/sf_VHDL/riscVmonociclo/Mux2.vhd 2022/10/24.15:54:12 P.20131013
FL /media/sf_VHDL/riscVmonociclo/Mux3.vhd 2022/10/24.20:31:10 P.20131013
FL /media/sf_VHDL/riscVmonociclo/MuxALU.vhd 2022/10/24.15:35:44 P.20131013
EN work/MuxALU 1666636968 FL /media/sf_VHDL/riscVmonociclo/MuxALU.vhd \
      PB ieee/std_logic_1164 1381692176
AR work/MuxALU/behave 1666636969 \
      FL /media/sf_VHDL/riscVmonociclo/MuxALU.vhd EN work/MuxALU 1666636968
FL /media/sf_VHDL/riscVmonociclo/ProgramCounter.vhd 2022/11/11.00:01:12 P.20131013
FL /media/sf_VHDL/riscVmonociclo/regfile.vhd 2022/11/10.23:43:20 P.20131013
FL /media/sf_VHDL/riscVmonociclo/top.vhd 2022/11/11.09:52:35 P.20131013
